// Jest Snapshot v1, https://goo.gl/fbAQLP

exports[`preset-typescript should throw when boolean options are not provided with boolean values 1`] = `"[BABEL] /Users/jh/code/babel/test.ts: @babel/preset-typescript: 'isTSX' option must be a boolean. (While processing: \\"base$0\\")"`;

exports[`preset-typescript should throw when isTSX is true but allExtensions is false 1`] = `"[BABEL] /Users/jh/code/babel/test.ts: @babel/preset-typescript: isTSX:true requires allExtensions:true (While processing: \\"base$0\\")"`;

exports[`preset-typescript should throw when isTSX is true but allExtensions is unset 1`] = `"[BABEL] /Users/jh/code/babel/test.ts: @babel/preset-typescript: isTSX:true requires allExtensions:true (While processing: \\"base$0\\")"`;

exports[`preset-typescript should throw when string options are not provided with string values 1`] = `"[BABEL] /Users/jh/code/babel/test.ts: @babel/preset-typescript: 'jsxPragma' option must be a string. (While processing: \\"base$0\\")"`;

exports[`preset-typescript should throw when top level options are invalid 1`] = `
"[BABEL] /Users/jh/code/babel/test.ts: @babel/preset-typescript: 'isTsx' is not a valid top-level option.
Maybe you meant to use 'isTSX'? (While processing: \\"base$0\\")"
`;
